// Jest Snapshot v1, https://goo.gl/fbAQLP

exports[`<DateInput /> snapshot 1`] = `
<DocumentFragment>
  .c1 {
  position: relative;
  -webkit-transition: 175ms;
  transition: 175ms;
}

.c1 + .c0 {
  margin-top: 1rem;
}

.c2 {
  position: relative;
}

.c3 {
  border: 1px solid #E8E9EA;
  height: 48px;
  display: block;
  outline: none;
  width: 100%;
  padding: 8px;
  border-radius: 8px;
  -webkit-transition: 250ms all;
  transition: 250ms all;
  -webkit-appearance: none;
  font-family: inherit;
  font-size: 14px;
  color: #494D55;
  box-sizing: border-box;
}

.c3:hover,
.c3:active {
  border-color: #A4A6AA;
}

.c3:focus {
  border-color: #226EFF;
}

.c3::-webkit-input-placeholder {
  color: #767980;
}

.c3::-moz-placeholder {
  color: #767980;
}

.c3:-ms-input-placeholder {
  color: #767980;
}

.c3::placeholder {
  color: #767980;
}

.c3[disabled] {
  background-color: #FFFFFF;
  border-color: #E8E9EA;
  color: #D1D2D5;
}

.c3[disabled]::-webkit-input-placeholder {
  color: #D1D2D5;
}

.c3[disabled]::-moz-placeholder {
  color: #D1D2D5;
}

.c3[disabled]:-ms-input-placeholder {
  color: #D1D2D5;
}

.c3[disabled]::placeholder {
  color: #D1D2D5;
}

<div
    class="c0 re-field c1"
  >
    <div
      class="re-input-container c2"
    >
      <input
        class="re-input c3"
        placeholder="Input"
        rows="3"
        type="text"
        value=""
      />
    </div>
  </div>
</DocumentFragment>
`;
