// Jest Snapshot v1, https://goo.gl/fbAQLP

exports[`Card 1`] = `
.c0 {
  background: white;
  box-shadow: 0 3px 6px hsla(0,0%,60%,.1),0 3px 6px hsla(0,0%,60%,.15),0 -1px 2px hsla(0,0%,60%,.02);
  border-radius: 4px;
  overflow: hidden;
}

.c1 {
  padding: 1rem;
  border-bottom: 1px solid #DEE0E4;
}

.c2 {
  padding: 1rem;
}

.c3 {
  padding: 1rem;
  border-top: 1px solid #DEE0E4;
}

<div
  className="re-box re-card c0"
>
  <div
    className="re-box re-card-header c1"
  >
    Header
  </div>
  <div
    className="re-box re-card-body c2"
  >
    Body
  </div>
  <div
    className="re-box re-card-footer c3"
  >
    Footer
  </div>
</div>
`;
