// Jest Snapshot v1, https://goo.gl/fbAQLP

exports[`Badge 1`] = `
<DocumentFragment>
  .c0 {
  font-family: inherit;
  font-weight: bold;
}

<span
    class="c0 re-badge"
  >
    I'm a badge!
  </span>
</DocumentFragment>
`;
